23:31:54 **** Incremental Build of configuration Debug for project STM32F4_Read_DHT11 ****
make -j12 all 
arm-none-eabi-gcc -o "STM32F4_Read_DHT11.elf" @"objects.list"   -mcpu=cortex-m4 -T"C:\Users\PC\Documents\GitHub\STM32_BLE\STM32F4_Read_DHT11\STM32F411CEUX_FLASH.ld" --specs=nosys.specs -Wl,-Map="STM32F4_Read_DHT11.map" -Wl,--gc-sections -static --specs=nano.specs -mfpu=fpv4-sp-d16 -mfloat-abi=hard -mthumb -Wl,--start-group -lc -lm -Wl,--end-group
Finished building target: STM32F4_Read_DHT11.elf
 
arm-none-eabi-size  STM32F4_Read_DHT11.elf 
arm-none-eabi-objdump -h -S STM32F4_Read_DHT11.elf  > "STM32F4_Read_DHT11.list"
arm-none-eabi-objcopy  -O ihex STM32F4_Read_DHT11.elf  "STM32F4_Read_DHT11.hex"
   text	   data	    bss	    dec	    hex	filename
   8680	     12	   1660	  10352	   2870	STM32F4_Read_DHT11.elf
arm-none-eabi-objcopy  -O binary STM32F4_Read_DHT11.elf  "STM32F4_Read_DHT11.bin"
Finished building: default.size.stdout
 
Finished building: STM32F4_Read_DHT11.hex
Finished building: STM32F4_Read_DHT11.bin
 
 
Finished building: STM32F4_Read_DHT11.list
 
