19:10:49 **** Incremental Build of configuration Debug for project STM32F103_Read_DHT11 ****
make -j12 all 
arm-none-eabi-gcc "../Core/Src/main.c" -mcpu=cortex-m3 -std=gnu11 -g3 -DDEBUG -DUSE_HAL_DRIVER -DSTM32F103xB -c -I../Core/Inc -IC:/Users/PC/STM32Cube/Repository/STM32Cube_FW_F1_V1.8.6/Drivers/STM32F1xx_HAL_Driver/Inc/Legacy -IC:/Users/PC/STM32Cube/Repository/STM32Cube_FW_F1_V1.8.6/Drivers/STM32F1xx_HAL_Driver/Inc -IC:/Users/PC/STM32Cube/Repository/STM32Cube_FW_F1_V1.8.6/Drivers/CMSIS/Device/ST/STM32F1xx/Include -IC:/Users/PC/STM32Cube/Repository/STM32Cube_FW_F1_V1.8.6/Drivers/CMSIS/Include -O0 -ffunction-sections -fdata-sections -Wall -fstack-usage -fcyclomatic-complexity -MMD -MP -MF"Core/Src/main.d" -MT"Core/Src/main.o" --specs=nano.specs -mfloat-abi=soft -mthumb -o "Core/Src/main.o"
arm-none-eabi-gcc -o "STM32F103_Read_DHT11.elf" @"objects.list"   -mcpu=cortex-m3 -T"C:\Users\PC\Documents\GitHub\STM32_BLE\STM32F103_Read_DHT11\STM32F103C8TX_FLASH.ld" --specs=nosys.specs -Wl,-Map="STM32F103_Read_DHT11.map" -Wl,--gc-sections -static --specs=nano.specs -mfloat-abi=soft -mthumb -Wl,--start-group -lc -lm -Wl,--end-group
Finished building target: STM32F103_Read_DHT11.elf
 
arm-none-eabi-size  STM32F103_Read_DHT11.elf 
arm-none-eabi-objdump -h -S STM32F103_Read_DHT11.elf  > "STM32F103_Read_DHT11.list"
arm-none-eabi-objcopy  -O ihex STM32F103_Read_DHT11.elf  "STM32F103_Read_DHT11.hex"
   text	   data	    bss	    dec	    hex	filename
  13880	     92	   2084	  16056	   3eb8	STM32F103_Read_DHT11.elf
arm-none-eabi-objcopy  -O binary STM32F103_Read_DHT11.elf  "STM32F103_Read_DHT11.bin"
Finished building: default.size.stdout
 
Finished building: STM32F103_Read_DHT11.hex
Finished building: STM32F103_Read_DHT11.bin
 
 
Finished building: STM32F103_Read_DHT11.list
 

19:10:50 Build Finished. 0 errors, 0 warnings. (took 439ms)

