20:48:02 **** Incremental Build of configuration Debug for project STM32F103_DHT11_BLE ****
make -j12 all 
arm-none-eabi-gcc "../Core/Src/main.c" -mcpu=cortex-m3 -std=gnu11 -g3 -DDEBUG -DUSE_HAL_DRIVER -DSTM32F103xB -c -I../Core/Inc -I../Drivers/STM32F1xx_HAL_Driver/Inc/Legacy -I../Drivers/STM32F1xx_HAL_Driver/Inc -I../Drivers/CMSIS/Device/ST/STM32F1xx/Include -I../Drivers/CMSIS/Include -O0 -ffunction-sections -fdata-sections -Wall -fstack-usage -fcyclomatic-complexity -MMD -MP -MF"Core/Src/main.d" -MT"Core/Src/main.o" --specs=nano.specs -mfloat-abi=soft -mthumb -o "Core/Src/main.o"
arm-none-eabi-gcc -o "STM32F103_DHT11_BLE.elf" @"objects.list"   -mcpu=cortex-m3 -T"C:\Users\PC\Documents\GitHub\STM32_BLE\STM32F103_DHT11_BLE\STM32F103C8TX_FLASH.ld" --specs=nosys.specs -Wl,-Map="STM32F103_DHT11_BLE.map" -Wl,--gc-sections -static --specs=nano.specs -mfloat-abi=soft -mthumb -Wl,--start-group -lc -lm -Wl,--end-group
Finished building target: STM32F103_DHT11_BLE.elf
 
arm-none-eabi-size  STM32F103_DHT11_BLE.elf 
arm-none-eabi-objdump -h -S STM32F103_DHT11_BLE.elf  > "STM32F103_DHT11_BLE.list"
arm-none-eabi-objcopy  -O ihex STM32F103_DHT11_BLE.elf  "STM32F103_DHT11_BLE.hex"
   text	   data	    bss	    dec	    hex	filename
  14084	     92	   2084	  16260	   3f84	STM32F103_DHT11_BLE.elf
arm-none-eabi-objcopy  -O binary STM32F103_DHT11_BLE.elf  "STM32F103_DHT11_BLE.bin"
Finished building: default.size.stdout
 
Finished building: STM32F103_DHT11_BLE.hex
Finished building: STM32F103_DHT11_BLE.bin
 
 
Finished building: STM32F103_DHT11_BLE.list
 

20:48:02 Build Finished. 0 errors, 0 warnings. (took 382ms)

